// Jest Snapshot v1, https://goo.gl/fbAQLP

exports[`Button renders correctly 1`] = `
.emotion-0 {
  color: red;
}

.emotion-1 {
  background-color: blue;
}

<div>
  <p
    className="emotion-0"
  >
    Hello
  </p>
  <button
    className="emotion-1"
  >
    World
  </button>
</div>
`;
